// Jest Snapshot v1, https://goo.gl/fbAQLP

exports[`Login should render correctly 1`] = `
<Login
  accountsLength={1}
  metricsOptIn={false}
  networkType="ropsten"
  setOnboardingWizardStep={[Function]}
  tokensLength={0}
/>
`;
